C:\Users\DELL\OneDrive\Desktop\CTS PROJECTS\CTS_Null_Pointers\Vehicle-shiva\MyOwnAutoShop\src\main\java\com\vehicle\car\AutoShopApplication.java
C:\Users\DELL\OneDrive\Desktop\CTS PROJECTS\CTS_Null_Pointers\Vehicle-shiva\MyOwnAutoShop\src\main\java\com\vehicle\car\controller\CarController.java
C:\Users\DELL\OneDrive\Desktop\CTS PROJECTS\CTS_Null_Pointers\Vehicle-shiva\MyOwnAutoShop\src\main\java\com\vehicle\car\controller\MarketPlaceController.java
C:\Users\DELL\OneDrive\Desktop\CTS PROJECTS\CTS_Null_Pointers\Vehicle-shiva\MyOwnAutoShop\src\main\java\com\vehicle\car\model\Car.java
C:\Users\DELL\OneDrive\Desktop\CTS PROJECTS\CTS_Null_Pointers\Vehicle-shiva\MyOwnAutoShop\src\main\java\com\vehicle\car\model\Coupe.java
C:\Users\DELL\OneDrive\Desktop\CTS PROJECTS\CTS_Null_Pointers\Vehicle-shiva\MyOwnAutoShop\src\main\java\com\vehicle\car\model\Hatchback.java
C:\Users\DELL\OneDrive\Desktop\CTS PROJECTS\CTS_Null_Pointers\Vehicle-shiva\MyOwnAutoShop\src\main\java\com\vehicle\car\model\Sedan.java
C:\Users\DELL\OneDrive\Desktop\CTS PROJECTS\CTS_Null_Pointers\Vehicle-shiva\MyOwnAutoShop\src\main\java\com\vehicle\car\model\SUV.java
C:\Users\DELL\OneDrive\Desktop\CTS PROJECTS\CTS_Null_Pointers\Vehicle-shiva\MyOwnAutoShop\src\main\java\com\vehicle\car\model\Vehicle.java
C:\Users\DELL\OneDrive\Desktop\CTS PROJECTS\CTS_Null_Pointers\Vehicle-shiva\MyOwnAutoShop\src\main\java\com\vehicle\car\repository\CarRepository.java
C:\Users\DELL\OneDrive\Desktop\CTS PROJECTS\CTS_Null_Pointers\Vehicle-shiva\MyOwnAutoShop\src\main\java\com\vehicle\car\repository\CoupeRepository.java
C:\Users\DELL\OneDrive\Desktop\CTS PROJECTS\CTS_Null_Pointers\Vehicle-shiva\MyOwnAutoShop\src\main\java\com\vehicle\car\repository\HatchbackRepository.java
C:\Users\DELL\OneDrive\Desktop\CTS PROJECTS\CTS_Null_Pointers\Vehicle-shiva\MyOwnAutoShop\src\main\java\com\vehicle\car\repository\SedanRepository.java
C:\Users\DELL\OneDrive\Desktop\CTS PROJECTS\CTS_Null_Pointers\Vehicle-shiva\MyOwnAutoShop\src\main\java\com\vehicle\car\repository\SuvRepository.java
C:\Users\DELL\OneDrive\Desktop\CTS PROJECTS\CTS_Null_Pointers\Vehicle-shiva\MyOwnAutoShop\src\main\java\com\vehicle\car\service\CarService.java
